
========================================================================================================================
DATASET: ETTh1
========================================================================================================================

########################################################################################################################
INPUT_LEN: 96
########################################################################################################################

Global Best per pred_len (across patch & beta, by mse):
pred_len=96 → target(mse)=0.368345 (mse=0.368345, mae=0.385262), patch=48, beta=0.8
pred_len=192 → target(mse)=0.425649 (mse=0.425649, mae=0.421512), patch=48, beta=0.2
pred_len=336 → target(mse)=0.470741 (mse=0.470741, mae=0.442529), patch=3, beta=0.8
pred_len=720 → target(mse)=0.485755 (mse=0.485755, mae=0.469012), patch=3, beta=0.7

Average of best models across pred_len:
avg_best_mse = 0.437622
avg_best_mae = 0.429579

------------------------------------------------------------------------------------------------------------------------
PATCH = 3
------------------------------------------------------------------------------------------------------------------------

Wide table:
        avg_mse   avg_mae coverage
beta                              
0.001  0.440418  0.432963      4/4
0.002  0.440414  0.432956      4/4
0.005  0.440404  0.432935      4/4
0.010  0.440386  0.432901      4/4
0.020  0.440353  0.432832      4/4
0.050  0.440269  0.432636      4/4
0.100  0.440161  0.432332      4/4
0.200  0.440828  0.432509      4/4
0.300  0.440786  0.431925      4/4
0.400  0.447382  0.436284      4/4
0.500  0.447321  0.435668      4/4
0.600  0.446796  0.435396      4/4
0.700  0.438407  0.429855      4/4
0.800  0.447790  0.434844      4/4
0.900  0.448546  0.434844      4/4
1.000  0.451633  0.436132      4/4

Best beta per pred_len (by mse):
pred_len=96 → beta=0.8, target(mse)=0.368654 (mse=0.368654, mae=0.386054)
pred_len=192 → beta=0.1, target(mse)=0.426474 (mse=0.426474, mae=0.422260)
pred_len=336 → beta=0.8, target(mse)=0.470741 (mse=0.470741, mae=0.442529)
pred_len=720 → beta=0.7, target(mse)=0.485755 (mse=0.485755, mae=0.469012)

Overall best beta (by avg_mse):
beta=0.7, target(mse)=0.438407, avg_mse=0.438407, avg_mae=0.429855, coverage=4/4

------------------------------------------------------------------------------------------------------------------------
PATCH = 6
------------------------------------------------------------------------------------------------------------------------

Wide table:
        avg_mse   avg_mae coverage
beta                              
0.001  0.440417  0.432963      4/4
0.002  0.440412  0.432956      4/4
0.005  0.440399  0.432934      4/4
0.010  0.440377  0.432898      4/4
0.020  0.440334  0.432826      4/4
0.050  0.440216  0.432619      4/4
0.100  0.440053  0.432294      4/4
0.200  0.439800  0.431704      4/4
0.300  0.447466  0.436983      4/4
0.400  0.447478  0.436354      4/4
0.500  0.447615  0.435777      4/4
0.600  0.447468  0.435447      4/4
0.700  0.447167  0.434592      4/4
0.800  0.446970  0.433845      4/4
0.900  0.448803  0.434569      4/4
1.000  0.458164  0.438722      4/4

Best beta per pred_len (by mse):
pred_len=96 → beta=0.7, target(mse)=0.368724 (mse=0.368724, mae=0.386959)
pred_len=192 → beta=0.2, target(mse)=0.425729 (mse=0.425729, mae=0.421631)
pred_len=336 → beta=0.8, target(mse)=0.471120 (mse=0.471120, mae=0.441686)
pred_len=720 → beta=0.2, target(mse)=0.487593 (mse=0.487593, mae=0.469036)

Overall best beta (by avg_mse):
beta=0.2, target(mse)=0.439800, avg_mse=0.439800, avg_mae=0.431704, coverage=4/4

------------------------------------------------------------------------------------------------------------------------
PATCH = 12
------------------------------------------------------------------------------------------------------------------------

Wide table:
        avg_mse   avg_mae coverage
beta                              
0.001  0.440418  0.432963      4/4
0.002  0.440414  0.432956      4/4
0.005  0.440403  0.432935      4/4
0.010  0.440384  0.432900      4/4
0.020  0.440349  0.432831      4/4
0.050  0.440251  0.432629      4/4
0.100  0.440114  0.432312      4/4
0.200  0.439885  0.431722      4/4
0.300  0.447742  0.437120      4/4
0.400  0.447670  0.436438      4/4
0.500  0.447467  0.435712      4/4
0.600  0.447206  0.435336      4/4
0.700  0.447028  0.434544      4/4
0.800  0.447506  0.434197      4/4
0.900  0.450529  0.435079      4/4
1.000  0.457566  0.437896      4/4

Best beta per pred_len (by mse):
pred_len=96 → beta=0.8, target(mse)=0.368580 (mse=0.368580, mae=0.386214)
pred_len=192 → beta=0.2, target(mse)=0.425788 (mse=0.425788, mae=0.421650)
pred_len=336 → beta=0.8, target(mse)=0.472092 (mse=0.472092, mae=0.441760)
pred_len=720 → beta=0.2, target(mse)=0.487675 (mse=0.487675, mae=0.468974)

Overall best beta (by avg_mse):
beta=0.2, target(mse)=0.439885, avg_mse=0.439885, avg_mae=0.431722, coverage=4/4

------------------------------------------------------------------------------------------------------------------------
PATCH = 24
------------------------------------------------------------------------------------------------------------------------

Wide table:
        avg_mse   avg_mae coverage
beta                              
0.001  0.440417  0.432963      4/4
0.002  0.440413  0.432955      4/4
0.005  0.440401  0.432934      4/4
0.010  0.440381  0.432897      4/4
0.020  0.440343  0.432825      4/4
0.050  0.440237  0.432615      4/4
0.100  0.440086  0.432283      4/4
0.200  0.440680  0.432425      4/4
0.300  0.447471  0.436916      4/4
0.400  0.447312  0.436170      4/4
0.500  0.447047  0.435390      4/4
0.600  0.446763  0.434925      4/4
0.700  0.446660  0.434110      4/4
0.800  0.447257  0.433751      4/4
0.900  0.450177  0.434489      4/4
1.000  0.457171  0.437241      4/4

Best beta per pred_len (by mse):
pred_len=96 → beta=0.8, target(mse)=0.368415 (mse=0.368415, mae=0.385401)
pred_len=192 → beta=0.1, target(mse)=0.426399 (mse=0.426399, mae=0.422209)
pred_len=336 → beta=0.8, target(mse)=0.472026 (mse=0.472026, mae=0.441444)
pred_len=720 → beta=0.2, target(mse)=0.487565 (mse=0.487565, mae=0.468910)

Overall best beta (by avg_mse):
beta=0.1, target(mse)=0.440086, avg_mse=0.440086, avg_mae=0.432283, coverage=4/4

------------------------------------------------------------------------------------------------------------------------
PATCH = 48
------------------------------------------------------------------------------------------------------------------------

Wide table:
        avg_mse   avg_mae coverage
beta                              
0.001  0.440417  0.432963      4/4
0.002  0.440413  0.432955      4/4
0.005  0.440400  0.432932      4/4
0.010  0.440378  0.432894      4/4
0.020  0.440337  0.432819      4/4
0.050  0.440222  0.432600      4/4
0.100  0.440055  0.432253      4/4
0.200  0.439771  0.431603      4/4
0.300  0.447546  0.436875      4/4
0.400  0.447420  0.436114      4/4
0.500  0.447194  0.435313      4/4
0.600  0.446892  0.434818      4/4
0.700  0.446795  0.433972      4/4
0.800  0.447446  0.433596      4/4
0.900  0.450449  0.434336      4/4
1.000  0.457696  0.437206      4/4

Best beta per pred_len (by mse):
pred_len=96 → beta=0.8, target(mse)=0.368345 (mse=0.368345, mae=0.385262)
pred_len=192 → beta=0.2, target(mse)=0.425649 (mse=0.425649, mae=0.421512)
pred_len=336 → beta=0.8, target(mse)=0.472002 (mse=0.472002, mae=0.441448)
pred_len=720 → beta=0.2, target(mse)=0.487446 (mse=0.487446, mae=0.468863)

Overall best beta (by avg_mse):
beta=0.2, target(mse)=0.439771, avg_mse=0.439771, avg_mae=0.431603, coverage=4/4



========================================================================================================================
DATASET: ETTh2
========================================================================================================================

########################################################################################################################
INPUT_LEN: 96
########################################################################################################################

Global Best per pred_len (across patch & beta, by mse):
pred_len=96 → target(mse)=0.281475 (mse=0.281475, mae=0.331638), patch=3, beta=0.9
pred_len=192 → target(mse)=0.358481 (mse=0.358481, mae=0.380406), patch=3, beta=1.0
pred_len=336 → target(mse)=0.404310 (mse=0.404310, mae=0.418563), patch=3, beta=1.0
pred_len=720 → target(mse)=0.413453 (mse=0.413453, mae=0.432928), patch=3, beta=1.0

Average of best models across pred_len:
avg_best_mse = 0.364430
avg_best_mae = 0.390884

------------------------------------------------------------------------------------------------------------------------
PATCH = 3
------------------------------------------------------------------------------------------------------------------------

Wide table:
        avg_mse   avg_mae coverage
beta                              
0.000  0.379142  0.403302      4/4
0.001  0.379129  0.403291      4/4
0.002  0.379116  0.403281      4/4
0.005  0.379076  0.403249      4/4
0.010  0.379008  0.403195      4/4
0.020  0.378867  0.403083      4/4
0.050  0.378412  0.402734      4/4
0.100  0.378166  0.402415      4/4
0.200  0.377230  0.401597      4/4
0.300  0.375778  0.400420      4/4
0.400  0.374205  0.399180      4/4
0.500  0.372016  0.397514      4/4
0.600  0.370756  0.396469      4/4
0.700  0.368790  0.394820      4/4
0.800  0.367299  0.393802      4/4
0.900  0.365393  0.392509      4/4
1.000  0.364993  0.390846      4/4

Best beta per pred_len (by mse):
pred_len=96 → beta=0.9, target(mse)=0.281475 (mse=0.281475, mae=0.331638)
pred_len=192 → beta=1.0, target(mse)=0.358689 (mse=0.358689, mae=0.380738)
pred_len=336 → beta=1.0, target(mse)=0.404347 (mse=0.404347, mae=0.418515)
pred_len=720 → beta=1.0, target(mse)=0.413651 (mse=0.413651, mae=0.432962)

Overall best beta (by avg_mse):
beta=1.0, target(mse)=0.364993, avg_mse=0.364993, avg_mae=0.390846, coverage=4/4

------------------------------------------------------------------------------------------------------------------------
PATCH = 6
------------------------------------------------------------------------------------------------------------------------

Wide table:
       avg_mse   avg_mae coverage
beta                             
0.1   0.378706  0.402687      4/4
0.2   0.377338  0.401608      4/4
0.3   0.375892  0.400470      4/4
0.4   0.374346  0.399243      4/4
0.5   0.372688  0.397927      4/4
0.6   0.370972  0.396560      4/4
0.7   0.369233  0.395171      4/4
0.8   0.367706  0.393899      4/4
0.9   0.366259  0.392715      4/4
1.0   0.367907  0.392278      4/4

Best beta per pred_len (by mse):
pred_len=96 → beta=0.9, target(mse)=0.282477 (mse=0.282477, mae=0.331877)
pred_len=192 → beta=1.0, target(mse)=0.359208 (mse=0.359208, mae=0.381061)
pred_len=336 → beta=1.0, target(mse)=0.406289 (mse=0.406289, mae=0.418924)
pred_len=720 → beta=0.9, target(mse)=0.415469 (mse=0.415469, mae=0.434690)

Overall best beta (by avg_mse):
beta=0.9, target(mse)=0.366259, avg_mse=0.366259, avg_mae=0.392715, coverage=4/4

------------------------------------------------------------------------------------------------------------------------
PATCH = 12
------------------------------------------------------------------------------------------------------------------------

Wide table:
       avg_mse   avg_mae coverage
beta                             
0.1   0.378673  0.402678      4/4
0.2   0.377273  0.401597      4/4
0.3   0.375783  0.400452      4/4
0.4   0.374206  0.399228      4/4
0.5   0.372503  0.397902      4/4
0.6   0.370784  0.396543      4/4
0.7   0.369036  0.395167      4/4
0.8   0.367476  0.393864      4/4
0.9   0.365574  0.392383      4/4
1.0   0.365710  0.391007      4/4

Best beta per pred_len (by mse):
pred_len=96 → beta=0.9, target(mse)=0.281903 (mse=0.281903, mae=0.331487)
pred_len=192 → beta=1.0, target(mse)=0.358530 (mse=0.358530, mae=0.380937)
pred_len=336 → beta=1.0, target(mse)=0.405677 (mse=0.405677, mae=0.418772)
pred_len=720 → beta=0.9, target(mse)=0.413984 (mse=0.413984, mae=0.433999)

Overall best beta (by avg_mse):
beta=0.9, target(mse)=0.365574, avg_mse=0.365574, avg_mae=0.392383, coverage=4/4

------------------------------------------------------------------------------------------------------------------------
PATCH = 24
------------------------------------------------------------------------------------------------------------------------

Wide table:
       avg_mse   avg_mae coverage
beta                             
0.1   0.378684  0.402690      4/4
0.2   0.377286  0.401614      4/4
0.3   0.375809  0.400475      4/4
0.4   0.374222  0.399249      4/4
0.5   0.372530  0.397930      4/4
0.6   0.370804  0.396562      4/4
0.7   0.369018  0.395159      4/4
0.8   0.367444  0.393821      4/4
0.9   0.365506  0.392317      4/4
1.0   0.365906  0.390997      4/4

Best beta per pred_len (by mse):
pred_len=96 → beta=0.9, target(mse)=0.281602 (mse=0.281602, mae=0.331355)
pred_len=192 → beta=1.0, target(mse)=0.358939 (mse=0.358939, mae=0.380879)
pred_len=336 → beta=1.0, target(mse)=0.405897 (mse=0.405897, mae=0.418795)
pred_len=720 → beta=0.9, target(mse)=0.413810 (mse=0.413810, mae=0.433864)

Overall best beta (by avg_mse):
beta=0.9, target(mse)=0.365506, avg_mse=0.365506, avg_mae=0.392317, coverage=4/4



========================================================================================================================
DATASET: ETTm1
========================================================================================================================

########################################################################################################################
INPUT_LEN: 96
########################################################################################################################

Global Best per pred_len (across patch & beta, by mse):
pred_len=96 → target(mse)=0.304781 (mse=0.304781, mae=0.342772), patch=48, beta=0.7
pred_len=192 → target(mse)=0.353066 (mse=0.353066, mae=0.372772), patch=48, beta=0.4
pred_len=336 → target(mse)=0.388023 (mse=0.388023, mae=0.399692), patch=6, beta=0.05
pred_len=720 → target(mse)=0.444233 (mse=0.444233, mae=0.430390), patch=24, beta=0.6

Average of best models across pred_len:
avg_best_mse = 0.372526
avg_best_mae = 0.386407

------------------------------------------------------------------------------------------------------------------------
PATCH = 3
------------------------------------------------------------------------------------------------------------------------

Wide table:
        avg_mse   avg_mae coverage
beta                              
0.001  0.376770  0.393220      4/4
0.002  0.376757  0.393204      4/4
0.005  0.376719  0.393155      4/4
0.010  0.376657  0.393074      4/4
0.020  0.376534  0.392911      4/4
0.050  0.376936  0.393034      4/4
0.100  0.376297  0.392171      4/4
0.200  0.375250  0.391046      4/4
0.300  0.374562  0.389570      4/4
0.400  0.373690  0.387791      4/4
0.500  0.374050  0.386720      4/4
0.600  0.374301  0.385777      4/4
0.700  0.375270  0.384948      4/4
0.800  0.375488  0.383610      4/4
0.900  0.376901  0.383252      4/4
1.000  0.381037  0.384656      4/4

Best beta per pred_len (by mse):
pred_len=96 → beta=0.5, target(mse)=0.306087 (mse=0.306087, mae=0.345538)
pred_len=192 → beta=0.4, target(mse)=0.353527 (mse=0.353527, mae=0.373015)
pred_len=336 → beta=0.02, target(mse)=0.388307 (mse=0.388307, mae=0.400122)
pred_len=720 → beta=0.6, target(mse)=0.444735 (mse=0.444735, mae=0.431187)

Overall best beta (by avg_mse):
beta=0.4, target(mse)=0.373690, avg_mse=0.373690, avg_mae=0.387791, coverage=4/4

------------------------------------------------------------------------------------------------------------------------
PATCH = 6
------------------------------------------------------------------------------------------------------------------------

Wide table:
        avg_mse   avg_mae coverage
beta                              
0.001  0.376771  0.393221      4/4
0.002  0.376759  0.393205      4/4
0.005  0.376724  0.393158      4/4
0.010  0.376666  0.393079      4/4
0.020  0.376551  0.392921      4/4
0.050  0.376207  0.392444      4/4
0.100  0.376327  0.392200      4/4
0.200  0.375393  0.390662      4/4
0.300  0.374476  0.389535      4/4
0.400  0.373908  0.388130      4/4
0.500  0.373799  0.387005      4/4
0.600  0.373900  0.385595      4/4
0.700  0.374392  0.384570      4/4
0.800  0.376169  0.384137      4/4
0.900  0.377424  0.383720      4/4
1.000  0.380606  0.384725      4/4

Best beta per pred_len (by mse):
pred_len=96 → beta=0.5, target(mse)=0.305247 (mse=0.305247, mae=0.345732)
pred_len=192 → beta=0.4, target(mse)=0.353671 (mse=0.353671, mae=0.373177)
pred_len=336 → beta=0.05, target(mse)=0.388023 (mse=0.388023, mae=0.399692)
pred_len=720 → beta=0.6, target(mse)=0.444391 (mse=0.444391, mae=0.430544)

Overall best beta (by avg_mse):
beta=0.5, target(mse)=0.373799, avg_mse=0.373799, avg_mae=0.387005, coverage=4/4

------------------------------------------------------------------------------------------------------------------------
PATCH = 12
------------------------------------------------------------------------------------------------------------------------

Wide table:
        avg_mse   avg_mae coverage
beta                              
0.001  0.376771  0.393221      4/4
0.002  0.376760  0.393205      4/4
0.005  0.376725  0.393158      4/4
0.010  0.376666  0.393079      4/4
0.020  0.376552  0.392922      4/4
0.050  0.376212  0.392447      4/4
0.100  0.376339  0.392205      4/4
0.200  0.375457  0.390699      4/4
0.300  0.374587  0.389629      4/4
0.400  0.373648  0.387918      4/4
0.500  0.373832  0.386813      4/4
0.600  0.373560  0.385383      4/4
0.700  0.374107  0.384407      4/4
0.800  0.374998  0.383588      4/4
0.900  0.377143  0.383333      4/4
1.000  0.380383  0.384282      4/4

Best beta per pred_len (by mse):
pred_len=96 → beta=0.5, target(mse)=0.305455 (mse=0.305455, mae=0.345373)
pred_len=192 → beta=0.4, target(mse)=0.353136 (mse=0.353136, mae=0.372787)
pred_len=336 → beta=0.05, target(mse)=0.388059 (mse=0.388059, mae=0.399718)
pred_len=720 → beta=0.6, target(mse)=0.444554 (mse=0.444554, mae=0.430678)

Overall best beta (by avg_mse):
beta=0.6, target(mse)=0.373560, avg_mse=0.373560, avg_mae=0.385383, coverage=4/4

------------------------------------------------------------------------------------------------------------------------
PATCH = 24
------------------------------------------------------------------------------------------------------------------------

Wide table:
        avg_mse   avg_mae coverage
beta                              
0.001  0.376771  0.393221      4/4
0.002  0.376759  0.393205      4/4
0.005  0.376724  0.393157      4/4
0.010  0.376665  0.393078      4/4
0.020  0.376548  0.392919      4/4
0.050  0.376204  0.392440      4/4
0.100  0.376324  0.392192      4/4
0.200  0.375444  0.390687      4/4
0.300  0.374536  0.389592      4/4
0.400  0.373726  0.387955      4/4
0.500  0.373972  0.386827      4/4
0.600  0.373205  0.384991      4/4
0.700  0.373583  0.383907      4/4
0.800  0.375405  0.383672      4/4
0.900  0.377084  0.383593      4/4
1.000  0.380604  0.384708      4/4

Best beta per pred_len (by mse):
pred_len=96 → beta=0.7, target(mse)=0.304891 (mse=0.304891, mae=0.342819)
pred_len=192 → beta=0.4, target(mse)=0.353079 (mse=0.353079, mae=0.372747)
pred_len=336 → beta=0.05, target(mse)=0.388059 (mse=0.388059, mae=0.399717)
pred_len=720 → beta=0.6, target(mse)=0.444233 (mse=0.444233, mae=0.430390)

Overall best beta (by avg_mse):
beta=0.6, target(mse)=0.373205, avg_mse=0.373205, avg_mae=0.384991, coverage=4/4

------------------------------------------------------------------------------------------------------------------------
PATCH = 48
------------------------------------------------------------------------------------------------------------------------

Wide table:
        avg_mse   avg_mae coverage
beta                              
0.001  0.376771  0.393220      4/4
0.002  0.376759  0.393205      4/4
0.005  0.376723  0.393157      4/4
0.010  0.376664  0.393078      4/4
0.020  0.376547  0.392918      4/4
0.050  0.376200  0.392437      4/4
0.100  0.376319  0.392189      4/4
0.200  0.375140  0.390186      4/4
0.300  0.374526  0.389593      4/4
0.400  0.373644  0.387915      4/4
0.500  0.373957  0.386821      4/4
0.600  0.373196  0.384991      4/4
0.700  0.373564  0.383894      4/4
0.800  0.375407  0.383672      4/4
0.900  0.376433  0.383149      4/4
1.000  0.380697  0.384850      4/4

Best beta per pred_len (by mse):
pred_len=96 → beta=0.7, target(mse)=0.304781 (mse=0.304781, mae=0.342772)
pred_len=192 → beta=0.4, target(mse)=0.353066 (mse=0.353066, mae=0.372772)
pred_len=336 → beta=0.05, target(mse)=0.388049 (mse=0.388049, mae=0.399712)
pred_len=720 → beta=0.6, target(mse)=0.444290 (mse=0.444290, mae=0.430424)

Overall best beta (by avg_mse):
beta=0.6, target(mse)=0.373196, avg_mse=0.373196, avg_mae=0.384991, coverage=4/4



========================================================================================================================
DATASET: ETTm2
========================================================================================================================

########################################################################################################################
INPUT_LEN: 96
########################################################################################################################

Global Best per pred_len (across patch & beta, by mse):
pred_len=96 → target(mse)=0.168410 (mse=0.168410, mae=0.247991), patch=24, beta=0.7
pred_len=192 → target(mse)=0.233867 (mse=0.233867, mae=0.293758), patch=3, beta=0.5
pred_len=336 → target(mse)=0.293583 (mse=0.293583, mae=0.330726), patch=3, beta=0.9
pred_len=720 → target(mse)=0.388459 (mse=0.388459, mae=0.388696), patch=6, beta=0.6

Average of best models across pred_len:
avg_best_mse = 0.271080
avg_best_mae = 0.315293

------------------------------------------------------------------------------------------------------------------------
PATCH = 3
------------------------------------------------------------------------------------------------------------------------

Wide table:
        avg_mse   avg_mae coverage
beta                              
0.000  0.275694  0.321207      4/4
0.001  0.275684  0.321194      4/4
0.002  0.275673  0.321182      4/4
0.005  0.275644  0.321145      4/4
0.010  0.275595  0.321084      4/4
0.020  0.275489  0.320953      4/4
0.050  0.276923  0.321813      4/4
0.100  0.276525  0.321206      4/4
0.200  0.275138  0.320241      4/4
0.300  0.273400  0.318663      4/4
0.400  0.272866  0.317818      4/4
0.500  0.272116  0.316788      4/4
0.600  0.271893  0.315884      4/4
0.700  0.272449  0.315399      4/4
0.800  0.272723  0.315046      4/4
0.900  0.272338  0.314253      4/4
1.000  0.273707  0.314599      4/4

Best beta per pred_len (by mse):
pred_len=96 → beta=0.5, target(mse)=0.168753 (mse=0.168753, mae=0.249281)
pred_len=192 → beta=0.5, target(mse)=0.233867 (mse=0.233867, mae=0.293758)
pred_len=336 → beta=0.9, target(mse)=0.293583 (mse=0.293583, mae=0.330726)
pred_len=720 → beta=0.6, target(mse)=0.388823 (mse=0.388823, mae=0.388932)

Overall best beta (by avg_mse):
beta=0.6, target(mse)=0.271893, avg_mse=0.271893, avg_mae=0.315884, coverage=4/4

------------------------------------------------------------------------------------------------------------------------
PATCH = 6
------------------------------------------------------------------------------------------------------------------------

Wide table:
        avg_mse   avg_mae coverage
beta                              
0.000  0.275694  0.321207      4/4
0.001  0.275684  0.321195      4/4
0.002  0.275673  0.321182      4/4
0.005  0.275642  0.321145      4/4
0.010  0.275591  0.321083      4/4
0.020  0.275492  0.320959      4/4
0.050  0.276960  0.321846      4/4
0.100  0.276549  0.321225      4/4
0.200  0.275058  0.320206      4/4
0.300  0.273537  0.318713      4/4
0.400  0.272811  0.317628      4/4
0.500  0.272107  0.316621      4/4
0.600  0.271713  0.315805      4/4
0.700  0.272386  0.315292      4/4
0.800  0.273391  0.315381      4/4
0.900  0.273573  0.314843      4/4
1.000  0.274043  0.314807      4/4

Best beta per pred_len (by mse):
pred_len=96 → beta=0.6, target(mse)=0.168665 (mse=0.168665, mae=0.248556)
pred_len=192 → beta=0.5, target(mse)=0.233888 (mse=0.233888, mae=0.293649)
pred_len=336 → beta=0.7, target(mse)=0.294868 (mse=0.294868, mae=0.331739)
pred_len=720 → beta=0.6, target(mse)=0.388459 (mse=0.388459, mae=0.388696)

Overall best beta (by avg_mse):
beta=0.6, target(mse)=0.271713, avg_mse=0.271713, avg_mae=0.315805, coverage=4/4

------------------------------------------------------------------------------------------------------------------------
PATCH = 12
------------------------------------------------------------------------------------------------------------------------

Wide table:
        avg_mse   avg_mae coverage
beta                              
0.000  0.275694  0.321207      4/4
0.001  0.275684  0.321195      4/4
0.002  0.275673  0.321183      4/4
0.005  0.275643  0.321146      4/4
0.010  0.275592  0.321085      4/4
0.020  0.275495  0.320963      4/4
0.050  0.276961  0.321849      4/4
0.100  0.276489  0.321187      4/4
0.200  0.275580  0.320034      4/4
0.300  0.273467  0.318676      4/4
0.400  0.273538  0.318038      4/4
0.500  0.272231  0.316713      4/4
0.600  0.271969  0.315928      4/4
0.700  0.272333  0.315706      4/4
0.800  0.273024  0.315004      4/4
0.900  0.273071  0.314620      4/4
1.000  0.274748  0.315235      4/4

Best beta per pred_len (by mse):
pred_len=96 → beta=0.7, target(mse)=0.168467 (mse=0.168467, mae=0.248018)
pred_len=192 → beta=0.5, target(mse)=0.234130 (mse=0.234130, mae=0.293842)
pred_len=336 → beta=0.7, target(mse)=0.294202 (mse=0.294202, mae=0.331611)
pred_len=720 → beta=0.6, target(mse)=0.388750 (mse=0.388750, mae=0.388780)

Overall best beta (by avg_mse):
beta=0.6, target(mse)=0.271969, avg_mse=0.271969, avg_mae=0.315928, coverage=4/4

------------------------------------------------------------------------------------------------------------------------
PATCH = 24
------------------------------------------------------------------------------------------------------------------------

Wide table:
        avg_mse   avg_mae coverage
beta                              
0.000  0.275694  0.321207      4/4
0.001  0.275684  0.321195      4/4
0.002  0.275673  0.321183      4/4
0.005  0.275643  0.321147      4/4
0.010  0.275591  0.321085      4/4
0.020  0.275493  0.320964      4/4
0.050  0.276949  0.321845      4/4
0.100  0.276518  0.321215      4/4
0.200  0.275582  0.320051      4/4
0.300  0.273475  0.318702      4/4
0.400  0.272732  0.317590      4/4
0.500  0.272293  0.316775      4/4
0.600  0.272524  0.316139      4/4
0.700  0.271515  0.315222      4/4
0.800  0.273102  0.315065      4/4
0.900  0.273182  0.314653      4/4
1.000  0.274282  0.314937      4/4

Best beta per pred_len (by mse):
pred_len=96 → beta=0.7, target(mse)=0.168410 (mse=0.168410, mae=0.247991)
pred_len=192 → beta=0.5, target(mse)=0.234153 (mse=0.234153, mae=0.293920)
pred_len=336 → beta=0.7, target(mse)=0.294023 (mse=0.294023, mae=0.331553)
pred_len=720 → beta=0.6, target(mse)=0.388879 (mse=0.388879, mae=0.388892)

Overall best beta (by avg_mse):
beta=0.7, target(mse)=0.271515, avg_mse=0.271515, avg_mae=0.315222, coverage=4/4



========================================================================================================================
DATASET: Electricity
========================================================================================================================

########################################################################################################################
INPUT_LEN: 96
########################################################################################################################

Global Best per pred_len (across patch & beta, by mse):
pred_len=96 → target(mse)=0.132615 (mse=0.132615, mae=0.224625), patch=3, beta=0.5
pred_len=192 → target(mse)=0.151049 (mse=0.151049, mae=0.241048), patch=3, beta=0.5
pred_len=336 → target(mse)=0.165625 (mse=0.165625, mae=0.257539), patch=3, beta=0.5
pred_len=720 → target(mse)=0.196097 (mse=0.196097, mae=0.287218), patch=3, beta=0.2

Average of best models across pred_len:
avg_best_mse = 0.161347
avg_best_mae = 0.252608

------------------------------------------------------------------------------------------------------------------------
PATCH = 3
------------------------------------------------------------------------------------------------------------------------

Wide table:
        avg_mse   avg_mae coverage
beta                              
0.000  0.164410  0.258499      4/4
0.001  0.164418  0.258500      4/4
0.002  0.164400  0.258477      4/4
0.005  0.164335  0.258408      4/4
0.010  0.164266  0.258301      4/4
0.020  0.164159  0.258082      4/4
0.050  0.163823  0.257454      4/4
0.100  0.163558  0.256791      4/4
0.200  0.162318  0.254814      4/4
0.500  0.161512  0.252311      4/4
1.000  0.175769  0.263819      4/4

Best beta per pred_len (by mse):
pred_len=96 → beta=0.5, target(mse)=0.132615 (mse=0.132615, mae=0.224625)
pred_len=192 → beta=0.5, target(mse)=0.151049 (mse=0.151049, mae=0.241048)
pred_len=336 → beta=0.5, target(mse)=0.165625 (mse=0.165625, mae=0.257539)
pred_len=720 → beta=0.2, target(mse)=0.196097 (mse=0.196097, mae=0.287218)

Overall best beta (by avg_mse):
beta=0.5, target(mse)=0.161512, avg_mse=0.161512, avg_mae=0.252311, coverage=4/4



========================================================================================================================
DATASET: PEMS03
========================================================================================================================

########################################################################################################################
INPUT_LEN: 96
########################################################################################################################

Global Best per pred_len (across patch & beta, by mse):
pred_len=12 → target(mse)=0.059742 (mse=0.059742, mae=0.159939), patch=6, beta=0.1
pred_len=24 → target(mse)=0.075085 (mse=0.075085, mae=0.180374), patch=3, beta=0.6
pred_len=48 → target(mse)=0.101083 (mse=0.101083, mae=0.209995), patch=3, beta=0.6

Average of best models across pred_len:
avg_best_mse = 0.078637
avg_best_mae = 0.183436

------------------------------------------------------------------------------------------------------------------------
PATCH = 3
------------------------------------------------------------------------------------------------------------------------

Wide table:
       avg_mse   avg_mae coverage
beta                             
0.1   0.080296  0.185071      3/3
0.2   0.080128  0.184603      3/3
0.3   0.079625  0.184403      3/3
0.4   0.080236  0.184589      3/3
0.5   0.078994  0.183757      3/3
0.6   0.078689  0.183472      3/3
0.7   0.080430  0.184972      3/3
0.8   0.080957  0.185898      3/3
0.9   0.080546  0.186629      3/3
1.0   0.257951  0.385731      3/3

Best beta per pred_len (by mse):
pred_len=12 → beta=0.6, target(mse)=0.059899 (mse=0.059899, mae=0.160046)
pred_len=24 → beta=0.6, target(mse)=0.075085 (mse=0.075085, mae=0.180374)
pred_len=48 → beta=0.6, target(mse)=0.101083 (mse=0.101083, mae=0.209995)

Overall best beta (by avg_mse):
beta=0.6, target(mse)=0.078689, avg_mse=0.078689, avg_mae=0.183472, coverage=3/3

------------------------------------------------------------------------------------------------------------------------
PATCH = 6
------------------------------------------------------------------------------------------------------------------------

Wide table:
       avg_mse   avg_mae coverage
beta                             
0.1   0.079569  0.184598      3/3
0.2   0.080429  0.185247      3/3
0.3   0.080098  0.184428      3/3
0.4   0.079518  0.184184      3/3
0.5   0.079994  0.184612      3/3
0.6   0.079851  0.184337      3/3
0.7   0.080298  0.184929      3/3
0.8   0.080361  0.185734      3/3
0.9   0.081685  0.187198      3/3
1.0   0.260038  0.388097      3/3

Best beta per pred_len (by mse):
pred_len=12 → beta=0.1, target(mse)=0.059742 (mse=0.059742, mae=0.159939)
pred_len=24 → beta=0.4, target(mse)=0.075354 (mse=0.075354, mae=0.180726)
pred_len=48 → beta=0.1, target(mse)=0.103084 (mse=0.103084, mae=0.213180)

Overall best beta (by avg_mse):
beta=0.4, target(mse)=0.079518, avg_mse=0.079518, avg_mae=0.184184, coverage=3/3

------------------------------------------------------------------------------------------------------------------------
PATCH = 12
------------------------------------------------------------------------------------------------------------------------

Wide table:
       avg_mse   avg_mae coverage
beta                             
0.1   0.079854  0.185072      3/3
0.2   0.080395  0.184951      3/3
0.3   0.079553  0.183938      3/3
0.4   0.079774  0.183945      3/3
0.5   0.079624  0.184184      3/3
0.6   0.079764  0.184192      3/3
0.7   0.080005  0.184549      3/3
0.8   0.080223  0.185344      3/3
0.9   0.081029  0.187062      3/3
1.0   0.264802  0.387975      3/3

Best beta per pred_len (by mse):
pred_len=12 → beta=0.6, target(mse)=0.059891 (mse=0.059891, mae=0.160158)
pred_len=24 → beta=0.7, target(mse)=0.075434 (mse=0.075434, mae=0.181215)
pred_len=48 → beta=0.3, target(mse)=0.102517 (mse=0.102517, mae=0.210726)

Overall best beta (by avg_mse):
beta=0.3, target(mse)=0.079553, avg_mse=0.079553, avg_mae=0.183938, coverage=3/3



========================================================================================================================
DATASET: PEMS04
========================================================================================================================

########################################################################################################################
INPUT_LEN: 96
########################################################################################################################

Global Best per pred_len (across patch & beta, by mse):
pred_len=12 → target(mse)=0.065512 (mse=0.065512, mae=0.164033), patch=3, beta=0.7
pred_len=24 → target(mse)=0.075431 (mse=0.075431, mae=0.177817), patch=6, beta=0.6
pred_len=48 → target(mse)=0.093833 (mse=0.093833, mae=0.201056), patch=3, beta=0.7

Average of best models across pred_len:
avg_best_mse = 0.078259
avg_best_mae = 0.180969

------------------------------------------------------------------------------------------------------------------------
PATCH = 3
------------------------------------------------------------------------------------------------------------------------

Wide table:
       avg_mse   avg_mae coverage
beta                             
0.1   0.079731  0.183625      3/3
0.2   0.079199  0.182869      3/3
0.3   0.079054  0.182330      3/3
0.4   0.078749  0.181750      3/3
0.5   0.078479  0.181430      3/3
0.6   0.078416  0.181059      3/3
0.7   0.078303  0.180981      3/3
0.8   0.078820  0.181441      3/3
0.9   0.079052  0.182229      3/3
1.0   0.238585  0.357967      3/3

Best beta per pred_len (by mse):
pred_len=12 → beta=0.7, target(mse)=0.065512 (mse=0.065512, mae=0.164033)
pred_len=24 → beta=0.6, target(mse)=0.075528 (mse=0.075528, mae=0.177781)
pred_len=48 → beta=0.7, target(mse)=0.093833 (mse=0.093833, mae=0.201056)

Overall best beta (by avg_mse):
beta=0.7, target(mse)=0.078303, avg_mse=0.078303, avg_mae=0.180981, coverage=3/3

------------------------------------------------------------------------------------------------------------------------
PATCH = 6
------------------------------------------------------------------------------------------------------------------------

Wide table:
       avg_mse   avg_mae coverage
beta                             
0.1   0.079480  0.183457      3/3
0.2   0.079348  0.182936      3/3
0.3   0.079062  0.182359      3/3
0.4   0.078824  0.181686      3/3
0.5   0.078570  0.181226      3/3
0.6   0.078314  0.180935      3/3
0.7   0.078551  0.181180      3/3
0.8   0.078596  0.181315      3/3
0.9   0.078978  0.182285      3/3
1.0   0.215185  0.353105      3/3

Best beta per pred_len (by mse):
pred_len=12 → beta=0.5, target(mse)=0.065567 (mse=0.065567, mae=0.164066)
pred_len=24 → beta=0.6, target(mse)=0.075431 (mse=0.075431, mae=0.177817)
pred_len=48 → beta=0.6, target(mse)=0.093853 (mse=0.093853, mae=0.200980)

Overall best beta (by avg_mse):
beta=0.6, target(mse)=0.078314, avg_mse=0.078314, avg_mae=0.180935, coverage=3/3

------------------------------------------------------------------------------------------------------------------------
PATCH = 12
------------------------------------------------------------------------------------------------------------------------

Wide table:
       avg_mse   avg_mae coverage
beta                             
0.1   0.079595  0.183511      3/3
0.2   0.079123  0.182669      3/3
0.3   0.079145  0.182335      3/3
0.4   0.078872  0.181902      3/3
0.5   0.078586  0.181311      3/3
0.6   0.078384  0.181107      3/3
0.7   0.078494  0.181139      3/3
0.8   0.078442  0.181126      3/3
0.9   0.078905  0.182220      3/3
1.0   0.215352  0.352685      3/3

Best beta per pred_len (by mse):
pred_len=12 → beta=0.5, target(mse)=0.065618 (mse=0.065618, mae=0.164066)
pred_len=24 → beta=0.6, target(mse)=0.075530 (mse=0.075530, mae=0.178048)
pred_len=48 → beta=0.6, target(mse)=0.093921 (mse=0.093921, mae=0.201118)

Overall best beta (by avg_mse):
beta=0.6, target(mse)=0.078384, avg_mse=0.078384, avg_mae=0.181107, coverage=3/3



========================================================================================================================
DATASET: PEMS07
========================================================================================================================

########################################################################################################################
INPUT_LEN: 96
########################################################################################################################

Global Best per pred_len (across patch & beta, by mse):
pred_len=12 → target(mse)=0.050608 (mse=0.050608, mae=0.140426), patch=6, beta=0.6
pred_len=24 → target(mse)=0.061362 (mse=0.061362, mae=0.154579), patch=12, beta=0.6
pred_len=48 → target(mse)=0.077387 (mse=0.077387, mae=0.173950), patch=12, beta=0.5

Average of best models across pred_len:
avg_best_mse = 0.063119
avg_best_mae = 0.156318

------------------------------------------------------------------------------------------------------------------------
PATCH = 3
------------------------------------------------------------------------------------------------------------------------

Wide table:
       avg_mse   avg_mae coverage
beta                             
0.1   0.057071  0.150205      2/3
0.2   0.056945  0.149371      2/3
0.3   0.056638  0.148778      2/3
0.4   0.056456  0.148276      2/3
0.5   0.050754  0.141305      1/3
0.6   0.056504  0.148223      2/3
0.7   0.056082  0.147980      2/3
0.8   0.056393  0.148114      2/3
0.9   0.056417  0.148645      2/3
1.0   0.191295  0.331225      2/3

Best beta per pred_len (by mse):
pred_len=12 → beta=0.6, target(mse)=0.050643 (mse=0.050643, mae=0.140806)
pred_len=24 → beta=0.7, target(mse)=0.061489 (mse=0.061489, mae=0.155005)

Overall best beta (by avg_mse):
beta=0.5, target(mse)=0.050754, avg_mse=0.050754, avg_mae=0.141305, coverage=1/3

------------------------------------------------------------------------------------------------------------------------
PATCH = 6
------------------------------------------------------------------------------------------------------------------------

Wide table:
       avg_mse   avg_mae coverage
beta                             
0.1   0.057211  0.150352      2/3
0.2   0.056596  0.149199      2/3
0.3   0.056824  0.149142      2/3
0.4   0.056304  0.148426      2/3
0.5   0.056280  0.148086      2/3
0.6   0.056212  0.147877      2/3
0.7   0.056203  0.147774      2/3
0.8   0.056260  0.148210      2/3
0.9   0.056407  0.148567      2/3
1.0   0.172076  0.310165      2/3

Best beta per pred_len (by mse):
pred_len=12 → beta=0.6, target(mse)=0.050608 (mse=0.050608, mae=0.140426)
pred_len=24 → beta=0.7, target(mse)=0.061659 (mse=0.061659, mae=0.155063)

Overall best beta (by avg_mse):
beta=0.7, target(mse)=0.056203, avg_mse=0.056203, avg_mae=0.147774, coverage=2/3

------------------------------------------------------------------------------------------------------------------------
PATCH = 12
------------------------------------------------------------------------------------------------------------------------

Wide table:
       avg_mse   avg_mae coverage
beta                             
0.1   0.064334  0.159213      3/3
0.2   0.063745  0.158301      3/3
0.3   0.063992  0.157798      3/3
0.4   0.063680  0.157395      3/3
0.5   0.063417  0.157004      3/3
0.6   0.056035  0.147813      2/3
0.7   0.056170  0.147999      2/3
0.8   0.056174  0.148032      2/3
0.9   0.056439  0.148655      2/3
1.0   0.166340  0.304982      2/3

Best beta per pred_len (by mse):
pred_len=12 → beta=0.8, target(mse)=0.050616 (mse=0.050616, mae=0.140587)
pred_len=24 → beta=0.6, target(mse)=0.061362 (mse=0.061362, mae=0.154579)
pred_len=48 → beta=0.5, target(mse)=0.077387 (mse=0.077387, mae=0.173950)

Overall best beta (by avg_mse):
beta=0.6, target(mse)=0.056035, avg_mse=0.056035, avg_mae=0.147813, coverage=2/3



========================================================================================================================
DATASET: PEMS08
========================================================================================================================

########################################################################################################################
INPUT_LEN: 96
########################################################################################################################

Global Best per pred_len (across patch & beta, by mse):
pred_len=12 → target(mse)=0.068577 (mse=0.068577, mae=0.166511), patch=3, beta=0.5
pred_len=24 → target(mse)=0.092177 (mse=0.092177, mae=0.192968), patch=6, beta=0.7
pred_len=48 → target(mse)=0.142218 (mse=0.142218, mae=0.236789), patch=12, beta=0.5

Average of best models across pred_len:
avg_best_mse = 0.100991
avg_best_mae = 0.198756

------------------------------------------------------------------------------------------------------------------------
PATCH = 3
------------------------------------------------------------------------------------------------------------------------

Wide table:
       avg_mse   avg_mae coverage
beta                             
0.1   0.104644  0.202264      3/3
0.2   0.104089  0.200757      3/3
0.3   0.103400  0.199550      3/3
0.4   0.101771  0.198363      3/3
0.5   0.102799  0.199716      3/3
0.6   0.101898  0.199136      3/3
0.7   0.102153  0.200380      3/3
0.8   0.103872  0.203814      3/3
0.9   0.110198  0.215850      3/3
1.0   0.202247  0.329922      3/3

Best beta per pred_len (by mse):
pred_len=12 → beta=0.5, target(mse)=0.068577 (mse=0.068577, mae=0.166511)
pred_len=24 → beta=0.7, target(mse)=0.093417 (mse=0.093417, mae=0.193507)
pred_len=48 → beta=0.4, target(mse)=0.142972 (mse=0.142972, mae=0.237337)

Overall best beta (by avg_mse):
beta=0.4, target(mse)=0.101771, avg_mse=0.101771, avg_mae=0.198363, coverage=3/3

------------------------------------------------------------------------------------------------------------------------
PATCH = 6
------------------------------------------------------------------------------------------------------------------------

Wide table:
       avg_mse   avg_mae coverage
beta                             
0.1   0.104817  0.201923      3/3
0.2   0.103951  0.200986      3/3
0.3   0.103205  0.199094      3/3
0.4   0.102810  0.198854      3/3
0.5   0.101625  0.198078      3/3
0.6   0.102030  0.199464      3/3
0.7   0.102229  0.200372      3/3
0.8   0.103955  0.203667      3/3
0.9   0.110108  0.216051      3/3
1.0   0.196427  0.324955      3/3

Best beta per pred_len (by mse):
pred_len=12 → beta=0.5, target(mse)=0.068674 (mse=0.068674, mae=0.165644)
pred_len=24 → beta=0.7, target(mse)=0.092177 (mse=0.092177, mae=0.192968)
pred_len=48 → beta=0.5, target(mse)=0.142424 (mse=0.142424, mae=0.236796)

Overall best beta (by avg_mse):
beta=0.5, target(mse)=0.101625, avg_mse=0.101625, avg_mae=0.198078, coverage=3/3

------------------------------------------------------------------------------------------------------------------------
PATCH = 12
------------------------------------------------------------------------------------------------------------------------

Wide table:
       avg_mse   avg_mae coverage
beta                             
0.1   0.104703  0.201821      3/3
0.2   0.104627  0.200694      3/3
0.3   0.103310  0.199094      3/3
0.4   0.102019  0.198421      3/3
0.5   0.101594  0.198476      3/3
0.6   0.102496  0.199790      3/3
0.7   0.102698  0.200908      3/3
0.8   0.104188  0.204046      3/3
0.9   0.109946  0.216259      3/3
1.0   0.197733  0.326513      3/3

Best beta per pred_len (by mse):
pred_len=12 → beta=0.4, target(mse)=0.068704 (mse=0.068704, mae=0.165754)
pred_len=24 → beta=0.4, target(mse)=0.092887 (mse=0.092887, mae=0.191558)
pred_len=48 → beta=0.5, target(mse)=0.142218 (mse=0.142218, mae=0.236789)

Overall best beta (by avg_mse):
beta=0.5, target(mse)=0.101594, avg_mse=0.101594, avg_mae=0.198476, coverage=3/3



========================================================================================================================
DATASET: Solar
========================================================================================================================

########################################################################################################################
INPUT_LEN: 96
########################################################################################################################

Global Best per pred_len (across patch & beta, by mse):
pred_len=96 → target(mse)=0.162831 (mse=0.162831, mae=0.211521), patch=3, beta=0.8
pred_len=192 → target(mse)=0.187530 (mse=0.187530, mae=0.244593), patch=6, beta=0.6
pred_len=336 → target(mse)=0.200567 (mse=0.200567, mae=0.252496), patch=6, beta=0.3
pred_len=720 → target(mse)=0.204114 (mse=0.204114, mae=0.252249), patch=12, beta=0.4

Average of best models across pred_len:
avg_best_mse = 0.188761
avg_best_mae = 0.240215

------------------------------------------------------------------------------------------------------------------------
PATCH = 3
------------------------------------------------------------------------------------------------------------------------

Wide table:
       avg_mse   avg_mae coverage
beta                             
0.1   0.195097  0.252752      4/4
0.2   0.199492  0.254947      4/4
0.3   0.197745  0.251312      4/4
0.4   0.194676  0.245170      4/4
0.5   0.195273  0.248676      4/4
0.6   0.194000  0.246298      4/4
0.7   0.193039  0.242303      4/4
0.8   0.194532  0.242210      4/4
0.9   0.194640  0.241600      4/4
1.0   0.241969  0.335895      4/4

Best beta per pred_len (by mse):
pred_len=96 → beta=0.8, target(mse)=0.162831 (mse=0.162831, mae=0.211521)
pred_len=192 → beta=0.6, target(mse)=0.190005 (mse=0.190005, mae=0.245573)
pred_len=336 → beta=0.4, target(mse)=0.202246 (mse=0.202246, mae=0.251671)
pred_len=720 → beta=0.5, target(mse)=0.206347 (mse=0.206347, mae=0.257849)

Overall best beta (by avg_mse):
beta=0.7, target(mse)=0.193039, avg_mse=0.193039, avg_mae=0.242303, coverage=4/4

------------------------------------------------------------------------------------------------------------------------
PATCH = 6
------------------------------------------------------------------------------------------------------------------------

Wide table:
       avg_mse   avg_mae coverage
beta                             
0.1   0.195311  0.255094      4/4
0.2   0.195092  0.251770      4/4
0.3   0.194422  0.244519      4/4
0.4   0.196268  0.246146      4/4
0.5   0.194057  0.246504      4/4
0.6   0.191384  0.242604      4/4
0.7   0.192015  0.241513      4/4
0.8   0.194072  0.238983      4/4
0.9   0.195707  0.238899      4/4
1.0   0.232173  0.307092      4/4

Best beta per pred_len (by mse):
pred_len=96 → beta=0.7, target(mse)=0.163894 (mse=0.163894, mae=0.212492)
pred_len=192 → beta=0.6, target(mse)=0.187530 (mse=0.187530, mae=0.244593)
pred_len=336 → beta=0.3, target(mse)=0.200567 (mse=0.200567, mae=0.252496)
pred_len=720 → beta=0.7, target(mse)=0.204818 (mse=0.204818, mae=0.247362)

Overall best beta (by avg_mse):
beta=0.6, target(mse)=0.191384, avg_mse=0.191384, avg_mae=0.242604, coverage=4/4

------------------------------------------------------------------------------------------------------------------------
PATCH = 12
------------------------------------------------------------------------------------------------------------------------

Wide table:
       avg_mse   avg_mae coverage
beta                             
0.1   0.195304  0.254794      4/4
0.2   0.195755  0.251034      4/4
0.3   0.194624  0.245216      4/4
0.4   0.195887  0.245527      4/4
0.5   0.196059  0.245516      4/4
0.6   0.192453  0.242960      4/4
0.7   0.191847  0.239551      4/4
0.8   0.193190  0.239261      4/4
0.9   0.194381  0.235592      4/4
1.0   0.229035  0.302503      4/4

Best beta per pred_len (by mse):
pred_len=96 → beta=0.7, target(mse)=0.163287 (mse=0.163287, mae=0.211000)
pred_len=192 → beta=0.7, target(mse)=0.189678 (mse=0.189678, mae=0.242858)
pred_len=336 → beta=0.2, target(mse)=0.201281 (mse=0.201281, mae=0.254467)
pred_len=720 → beta=0.4, target(mse)=0.204114 (mse=0.204114, mae=0.252249)

Overall best beta (by avg_mse):
beta=0.7, target(mse)=0.191847, avg_mse=0.191847, avg_mae=0.239551, coverage=4/4



========================================================================================================================
DATASET: traffic
========================================================================================================================

########################################################################################################################
INPUT_LEN: 96
########################################################################################################################

Global Best per pred_len (across patch & beta, by mse):
pred_len=96 → target(mse)=0.406093 (mse=0.406093, mae=0.246780), patch=3, beta=0.5
pred_len=192 → target(mse)=0.425696 (mse=0.425696, mae=0.257479), patch=3, beta=0.5
pred_len=336 → target(mse)=0.445544 (mse=0.445544, mae=0.264550), patch=3, beta=0.5
pred_len=720 → target(mse)=0.485178 (mse=0.485178, mae=0.291910), patch=3, beta=0.1

Average of best models across pred_len:
avg_best_mse = 0.440628
avg_best_mae = 0.265180

------------------------------------------------------------------------------------------------------------------------
PATCH = 3
------------------------------------------------------------------------------------------------------------------------

Wide table:
       avg_mse  avg_mae coverage
beta                            
0.1   0.485178  0.29191      1/4
0.5   0.425778  0.25627      3/4

Best beta per pred_len (by mse):
pred_len=96 → beta=0.5, target(mse)=0.406093 (mse=0.406093, mae=0.246780)
pred_len=192 → beta=0.5, target(mse)=0.425696 (mse=0.425696, mae=0.257479)
pred_len=336 → beta=0.5, target(mse)=0.445544 (mse=0.445544, mae=0.264550)
pred_len=720 → beta=0.1, target(mse)=0.485178 (mse=0.485178, mae=0.291910)

Overall best beta (by avg_mse):
beta=0.5, target(mse)=0.425778, avg_mse=0.425778, avg_mae=0.256270, coverage=3/4



========================================================================================================================
DATASET: weather
========================================================================================================================

########################################################################################################################
INPUT_LEN: 96
########################################################################################################################

Global Best per pred_len (across patch & beta, by mse):
pred_len=96 → target(mse)=0.154448 (mse=0.154448, mae=0.192264), patch=3, beta=1.0
pred_len=192 → target(mse)=0.202986 (mse=0.202986, mae=0.238084), patch=3, beta=1.0
pred_len=336 → target(mse)=0.261851 (mse=0.261851, mae=0.284715), patch=3, beta=0.5
pred_len=720 → target(mse)=0.342653 (mse=0.342653, mae=0.338834), patch=3, beta=0.5

Average of best models across pred_len:
avg_best_mse = 0.240484
avg_best_mae = 0.263474

------------------------------------------------------------------------------------------------------------------------
PATCH = 3
------------------------------------------------------------------------------------------------------------------------

Wide table:
        avg_mse   avg_mae coverage
beta                              
0.000  0.242172  0.268519      4/4
0.001  0.242231  0.268544      4/4
0.002  0.242264  0.268561      4/4
0.005  0.242224  0.268394      4/4
0.010  0.242026  0.268283      4/4
0.020  0.241970  0.268006      4/4
0.050  0.241886  0.267897      4/4
0.100  0.241778  0.267682      4/4
0.200  0.241537  0.266929      4/4
0.500  0.241285  0.265488      4/4
1.000  0.241209  0.263310      4/4

Best beta per pred_len (by mse):
pred_len=96 → beta=1.0, target(mse)=0.154448 (mse=0.154448, mae=0.192264)
pred_len=192 → beta=1.0, target(mse)=0.202986 (mse=0.202986, mae=0.238084)
pred_len=336 → beta=0.5, target(mse)=0.261851 (mse=0.261851, mae=0.284715)
pred_len=720 → beta=0.5, target(mse)=0.342653 (mse=0.342653, mae=0.338834)

Overall best beta (by avg_mse):
beta=1.0, target(mse)=0.241209, avg_mse=0.241209, avg_mae=0.263310, coverage=4/4


